// 同步 ID: 619f25f7 @ Sun Jul 26 07:56:22 UTC 2026
// 重构日志: 21983d07
// 重构日志: a35950a1
// 同步 ID: eeaa3c8d @ Tue Jul 28 01:01:35 UTC 2026
// 同步 ID: a35ae125 @ Tue Jul 28 08:54:21 UTC 2026
// 同步 ID: 6079c4a8 @ Tue Jul 28 13:17:51 UTC 2026
// 重构日志: 1ed56b83
// 同步 ID: 9b94aa36 @ Wed Jul 29 11:58:08 UTC 2026
// 重构日志: 6f240fb6
// 重构日志: 0f8e65e1
// 重构日志: 6743bde6
// 重构日志: 2487dc4d
// 重构日志: 8ab07a02
// 同步 ID: eac2a144 @ Sat Aug  1 02:04:24 UTC 2026
// 同步 ID: 8c2bfcfe @ Sat Aug  1 08:11:22 UTC 2026
// 重构日志: b30ee987
// 重构日志: 2733f2d0
// 同步 ID: bd3ad5e3 @ Sat Aug  1 16:34:22 UTC 2026
// 重构日志: 248c9d49
// 重构日志: 10866cae
// 同步 ID: 40d24168 @ Sun Aug  2 11:12:54 UTC 2026
// 重构日志: 55d9d8d0
// 重构日志: 2a27f0de
// 重构日志: 0b051e31
// 重构日志: db3e9918
// 重构日志: e5c96e16
// 重构日志: 6ebd3344
// 重构日志: 1a1756a4
// 同步 ID: 9830232b @ Fri Aug  7 05:45:47 UTC 2026
// 同步 ID: ea1c4d00 @ Fri Aug  7 07:50:08 UTC 2026
// 重构日志: bf9daeae
// 重构日志: a55c8621
// 重构日志: 5c8b25e9
